// Jest Snapshot v1, https://goo.gl/fbAQLP

exports[`matches expected output: program.graphql 1`] = `
~~~~~~~~~~ INPUT ~~~~~~~~~~
query program {
  program(programId: "UHJvZ3JhbTo2Nw==") {
    id
    name
    weeks(first: 1) {
      edges {
        node {
          name
          id
          days(first: 1) {
            edges {
              node {
                id
                name
                exercises(first: 1) {
                  edges {
                    node {
                      id
                      set
                      reps
                      breakTime
                      baseExercise {
                        name
                        id
                        videoLink
                        description
                        muscleGroup {
                          id
                          name
                        }
                      }
                    }
                  }
                }
              }
            }
          }
        }
      }
    }
  }
}

~~~~~~~~~~ OUTPUT ~~~~~~~~~~
{
  "data": {
    "program": {
      "id": "UHJvZ3JhbTo2Nw==",
      "name": "Getting back in 2 it",
      "weeks": {
        "edges": [
          {
            "node": {
              "name": "Week 1",
              "id": "V2Vlazo1Nw==",
              "days": {
                "edges": [
                  {
                    "node": {
                      "id": "RGF5OjE0Mg==",
                      "name": "Day 1",
                      "exercises": {
                        "edges": [
                          {
                            "node": {
                              "id": "RXhlcmNpc2U6ODQ4",
                              "set": "4",
                              "reps": "5",
                              "breakTime": "3",
                              "baseExercise": {
                                "name": "Kneb√∏y",
                                "id": "QmFzZUV4ZXJjaXNlOjE=",
                                "videoLink": "https://www.youtube.com/watch?v=Dy28eq2PjcM",
                                "description": "",
                                "muscleGroup": {
                                  "id": "TXVzY2xlR3JvdXA6OQ==",
                                  "name": "Quads"
                                }
                              }
                            }
                          }
                        ]
                      }
                    }
                  }
                ]
              }
            }
          }
        ]
      }
    }
  }
}
`;
