// Jest Snapshot v1, https://goo.gl/fbAQLP

exports[`matches expected output: CreateExercise.graphql 1`] = `
~~~~~~~~~~ INPUT ~~~~~~~~~~
mutation createExercise {
  createExercise(exercise: {breakTime: 1, dayId: "RGF5OjIwMQ==", description: "Nopw", reps: "2", set: "2", baseExerciseId: "YmFzZUV4ZXJjaXNlOjM4"}) {
    exerciseEdge {
      node {
        id
        name
        set
        reps
        breakTime
        baseExercise {
          id
          name
        }
      }
    }
  }
}
~~~~~~~~~~ OUTPUT ~~~~~~~~~~
{
  "data": {
    "createExercise": {
      "exerciseEdge": {
        "node": {
          "id": "RXhlcmNpc2U6MTI4Mw==",
          "name": null,
          "set": "2",
          "reps": "2",
          "breakTime": "2",
          "baseExercise": {
            "id": "QmFzZUV4ZXJjaXNlOjEw",
            "name": "Arnold Press"
          }
        }
      }
    }
  }
}
`;
